// Vitest Snapshot v1, https://vitest.dev/guide/snapshot.html

exports[`UserProfile > snapshot unchanged 1`] = `
<DocumentFragment>
  <div>
    <p>
      John Doe
    </p>
  </div>
</DocumentFragment>
`;
